// Jest Snapshot v1, https://goo.gl/fbAQLP

exports[`'ColorList' matches snapshot 1`] = `
<DocumentFragment>
  <div
    class="ColorList"
  >
    <div
      class="ColorList-title"
    >
      <div>
        Welcome to Color Factory
      </div>
      <div>
        <a
          href="/colors/new"
        >
          Add a color
        </a>
      </div>
    </div>
    <div
      class="ColorList-colors"
    >
      <div>
        <h4>
          Please select a color:
        </h4>
      </div>
      <div>
        <a
          href="/colors/black"
        >
          black
        </a>
      </div>
    </div>
  </div>
</DocumentFragment>
`;
